// Jest Snapshot v1, https://goo.gl/fbAQLP

exports[`BreadcrumbSchema renders correctly 1`] = `
<HelmetWrapper
  defer={true}
  encodeSpecialCharacters={true}
>
  <script
    type="application/ld+json"
  >
    {"@context":"https://schema.org","@type":"BreadcrumbList","itemListElement":[{"@type":"ListItem","position":1,"name":"Home","item":"https://www.mongodb.com/developer"},{"@type":"ListItem","position":2,"name":"Learn","item":"https://www.mongodb.com/developer/learn/"},{"@type":"ListItem","position":3,"name":"Article","item":"https://www.mongodb.com/developer/learn/article/"},{"@type":"ListItem","position":4,"name":"Some article","item":"https://www.mongodb.com/developer/article/some-article/"}]}
  </script>
</HelmetWrapper>
`;
