// Jest Snapshot v1, https://goo.gl/fbAQLP

exports[`DefinitionList renders correctly 1`] = `
<dl
  class="first docutils"
>
  <dt>
    <code
      class="css-1gnokfu-StyledLiteral-tabletPadding-desktopPadding es3mzt60"
    >
      MongoDefaultPartitioner
    </code>
  </dt>
  <dd>
    <p
      class="css-17umfgb-PStyles-bottomMargin-P e1top8006"
    >
      <strong>
        Default
      </strong>
      . Wraps the MongoSamplePartitioner and provides
help for users of older versions of MongoDB.
    </p>
  </dd>
</dl>
`;
