// Jest Snapshot v1, https://goo.gl/fbAQLP

exports[`DefinitionList renders correctly 1`] = `
<dl
  class="first docutils"
>
  <dt>
    <code
      css="You have tried to stringify object returned from \`css\` function. It isn't supposed to be used directly (e.g. as value of the \`className\` prop), but rather handed to emotion so it can handle it (e.g. as value of \`css\` prop)."
    >
      MongoDefaultPartitioner
    </code>
  </dt>
  <dd>
    <p
      class="css-kht07m-PStyles-bottomMargin-P e1top80010"
    >
      <strong>
        Default
      </strong>
      . Wraps the MongoSamplePartitioner and provides
help for users of older versions of MongoDB.
    </p>
  </dd>
</dl>
`;
