// Jest Snapshot v1, https://goo.gl/fbAQLP

exports[`renders correctly 1`] = `
<h3
  class="css-e3nc5o-ArticleH3-commonHeading e1top8006"
  id="create-an-administrative-username-and-password"
>
  <a
    class="e1hiqreu0 css-136ng4v-StyledLink-PermaLink eygprlc0"
    href="#create-an-administrative-username-and-password"
    title="Permalink to this headline"
  >
    #
  </a>
  Create an administrative username and password
</h3>
`;
