// Jest Snapshot v1, https://goo.gl/fbAQLP

exports[`renders correctly 1`] = `
<h3
  class="css-bkq7cp-ArticleH3-commonHeading e1top80010"
  id="create-an-administrative-username-and-password"
>
  <a
    class="e1hiqreu0 css-uin30g-StyledLink-linkStyling-PermaLink eygprlc0"
    href="#create-an-administrative-username-and-password"
    title="Permalink to this headline"
  >
    #
  </a>
  Create an administrative username and password
</h3>
`;
