// Jest Snapshot v1, https://goo.gl/fbAQLP

exports[`List renders correctly 1`] = `
<ol
  start="2"
  type="a"
>
  <li>
    <div>
      In , click 
      <span
        class="guilabel"
      >
        Charts
      </span>
       in the navigation bar.
    </div>
  </li>
  <li>
    <div>
      If this is the first time you are launching , click

      <span
        class="guilabel"
      >
        Activate MongoDB Charts
      </span>
      . This provisions a new
 instance in the  project.
    </div>
  </li>
</ol>
`;
