// Jest Snapshot v1, https://goo.gl/fbAQLP

exports[`renders correctly 1`] = `
<ComponentFactory
  nodeData={
    Object {
      "type": "code",
      "value": "",
    }
  }
  refDocMapping={
    Object {
      "index": Object {
        "_id": "guides/andrew/master/index",
        "ast": Object {
          "children": Array [
            Object {
              "children": Array [],
              "ids": Array [
                "guides",
              ],
              "position": Object {
                "start": Object {
                  "line": 0,
                },
              },
              "type": "target",
            },
            Object {
              "children": Array [
                Object {
                  "children": Array [
                    Object {
                      "position": Object {
                        "start": Object {
                          "line": 4,
                        },
                      },
                      "type": "text",
                      "value": "Guides",
                    },
                  ],
                  "position": Object {
                    "start": Object {
                      "line": 4,
                    },
                  },
                  "type": "heading",
                },
                Object {
                  "argument": Array [
                    Object {
                      "position": Object {
                        "start": Object {
                          "line": 6,
                        },
                      },
                      "type": "text",
                      "value": "mongodb",
                    },
                  ],
                  "children": Array [],
                  "name": "default-domain",
                  "position": Object {
                    "start": Object {
                      "line": 6,
                    },
                  },
                  "type": "directive",
                },
                Object {
                  "argument": Array [],
                  "children": Array [
                    Object {
                      "argument": Array [
                        Object {
                          "position": Object {
                            "start": Object {
                              "line": 10,
                            },
                          },
                          "type": "text",
                          "value": "server/introduction",
                        },
                      ],
                      "children": Array [],
                      "name": "card",
                      "position": Object {
                        "start": Object {
                          "line": 10,
                        },
                      },
                      "type": "directive",
                    },
                    Object {
                      "argument": Array [
                        Object {
                          "position": Object {
                            "start": Object {
                              "line": 12,
                            },
                          },
                          "type": "text",
                          "value": "server/install",
                        },
                      ],
                      "children": Array [],
                      "name": "card",
                      "position": Object {
                        "start": Object {
                          "line": 12,
                        },
                      },
                      "type": "directive",
                    },
                    Object {
                      "argument": Array [
                        Object {
                          "position": Object {
                            "start": Object {
                              "line": 14,
                            },
                          },
                          "type": "text",
                          "value": "MongoDB in the Cloud",
                        },
                      ],
                      "children": Array [
                        Object {
                          "children": Array [
                            Object {
                              "children": Array [
                                Object {
                                  "children": Array [
                                    Object {
                                      "position": Object {
                                        "start": Object {
                                          "line": 16,
                                        },
                                      },
                                      "type": "text",
                                      "value": "cloud/atlas",
                                    },
                                  ],
                                  "position": Object {
                                    "start": Object {
                                      "line": 16,
                                    },
                                  },
                                  "type": "paragraph",
                                },
                              ],
                              "position": Object {
                                "start": Object {
                                  "line": 16,
                                },
                              },
                              "type": "listItem",
                            },
                            Object {
                              "children": Array [
                                Object {
                                  "children": Array [
                                    Object {
                                      "position": Object {
                                        "start": Object {
                                          "line": 17,
                                        },
                                      },
                                      "type": "text",
                                      "value": "cloud/connectionstring",
                                    },
                                  ],
                                  "position": Object {
                                    "start": Object {
                                      "line": 17,
                                    },
                                  },
                                  "type": "paragraph",
                                },
                              ],
                              "position": Object {
                                "start": Object {
                                  "line": 16,
                                },
                              },
                              "type": "listItem",
                            },
                          ],
                          "ordered": false,
                          "position": Object {
                            "start": Object {
                              "line": 16,
                            },
                          },
                          "type": "list",
                        },
                      ],
                      "name": "multi-card",
                      "position": Object {
                        "start": Object {
                          "line": 14,
                        },
                      },
                      "type": "directive",
                    },
                    Object {
                      "argument": Array [
                        Object {
                          "position": Object {
                            "start": Object {
                              "line": 19,
                            },
                          },
                          "type": "text",
                          "value": "Migrate to MongoDB Atlas",
                        },
                      ],
                      "children": Array [
                        Object {
                          "children": Array [
                            Object {
                              "children": Array [
                                Object {
                                  "children": Array [
                                    Object {
                                      "position": Object {
                                        "start": Object {
                                          "line": 21,
                                        },
                                      },
                                      "type": "text",
                                      "value": "cloud/migrate-from-aws-to-atlas",
                                    },
                                  ],
                                  "position": Object {
                                    "start": Object {
                                      "line": 21,
                                    },
                                  },
                                  "type": "paragraph",
                                },
                              ],
                              "position": Object {
                                "start": Object {
                                  "line": 21,
                                },
                              },
                              "type": "listItem",
                            },
                            Object {
                              "children": Array [
                                Object {
                                  "children": Array [
                                    Object {
                                      "position": Object {
                                        "start": Object {
                                          "line": 22,
                                        },
                                      },
                                      "type": "text",
                                      "value": "cloud/migrate-from-compose",
                                    },
                                  ],
                                  "position": Object {
                                    "start": Object {
                                      "line": 22,
                                    },
                                  },
                                  "type": "paragraph",
                                },
                              ],
                              "position": Object {
                                "start": Object {
                                  "line": 21,
                                },
                              },
                              "type": "listItem",
                            },
                            Object {
                              "children": Array [
                                Object {
                                  "children": Array [
                                    Object {
                                      "position": Object {
                                        "start": Object {
                                          "line": 23,
                                        },
                                      },
                                      "type": "text",
                                      "value": "cloud/migrate-from-mlab",
                                    },
                                  ],
                                  "position": Object {
                                    "start": Object {
                                      "line": 23,
                                    },
                                  },
                                  "type": "paragraph",
                                },
                              ],
                              "position": Object {
                                "start": Object {
                                  "line": 21,
                                },
                              },
                              "type": "listItem",
                            },
                          ],
                          "ordered": false,
                          "position": Object {
                            "start": Object {
                              "line": 21,
                            },
                          },
                          "type": "list",
                        },
                      ],
                      "name": "multi-card",
                      "position": Object {
                        "start": Object {
                          "line": 19,
                        },
                      },
                      "type": "directive",
                    },
                    Object {
                      "argument": Array [
                        Object {
                          "position": Object {
                            "start": Object {
                              "line": 25,
                            },
                          },
                          "type": "text",
                          "value": "server/import",
                        },
                      ],
                      "children": Array [],
                      "name": "card",
                      "position": Object {
                        "start": Object {
                          "line": 25,
                        },
                      },
                      "type": "directive",
                    },
                    Object {
                      "argument": Array [
                        Object {
                          "position": Object {
                            "start": Object {
                              "line": 27,
                            },
                          },
                          "type": "text",
                          "value": "server/drivers",
                        },
                      ],
                      "children": Array [],
                      "name": "card",
                      "position": Object {
                        "start": Object {
                          "line": 27,
                        },
                      },
                      "type": "directive",
                    },
                    Object {
                      "argument": Array [
                        Object {
                          "position": Object {
                            "start": Object {
                              "line": 29,
                            },
                          },
                          "type": "text",
                          "value": "CRUD Guides: Create, Read, Update, and Delete Data",
                        },
                      ],
                      "children": Array [
                        Object {
                          "children": Array [
                            Object {
                              "children": Array [
                                Object {
                                  "children": Array [
                                    Object {
                                      "position": Object {
                                        "start": Object {
                                          "line": 31,
                                        },
                                      },
                                      "type": "text",
                                      "value": "server/insert",
                                    },
                                  ],
                                  "position": Object {
                                    "start": Object {
                                      "line": 31,
                                    },
                                  },
                                  "type": "paragraph",
                                },
                              ],
                              "position": Object {
                                "start": Object {
                                  "line": 31,
                                },
                              },
                              "type": "listItem",
                            },
                            Object {
                              "children": Array [
                                Object {
                                  "children": Array [
                                    Object {
                                      "position": Object {
                                        "start": Object {
                                          "line": 32,
                                        },
                                      },
                                      "type": "text",
                                      "value": "server/read",
                                    },
                                  ],
                                  "position": Object {
                                    "start": Object {
                                      "line": 32,
                                    },
                                  },
                                  "type": "paragraph",
                                },
                              ],
                              "position": Object {
                                "start": Object {
                                  "line": 31,
                                },
                              },
                              "type": "listItem",
                            },
                            Object {
                              "children": Array [
                                Object {
                                  "children": Array [
                                    Object {
                                      "position": Object {
                                        "start": Object {
                                          "line": 33,
                                        },
                                      },
                                      "type": "text",
                                      "value": "server/read_queries",
                                    },
                                  ],
                                  "position": Object {
                                    "start": Object {
                                      "line": 33,
                                    },
                                  },
                                  "type": "paragraph",
                                },
                              ],
                              "position": Object {
                                "start": Object {
                                  "line": 31,
                                },
                              },
                              "type": "listItem",
                            },
                            Object {
                              "children": Array [
                                Object {
                                  "children": Array [
                                    Object {
                                      "position": Object {
                                        "start": Object {
                                          "line": 34,
                                        },
                                      },
                                      "type": "text",
                                      "value": "server/read_operators",
                                    },
                                  ],
                                  "position": Object {
                                    "start": Object {
                                      "line": 34,
                                    },
                                  },
                                  "type": "paragraph",
                                },
                              ],
                              "position": Object {
                                "start": Object {
                                  "line": 31,
                                },
                              },
                              "type": "listItem",
                            },
                            Object {
                              "children": Array [
                                Object {
                                  "children": Array [
                                    Object {
                                      "position": Object {
                                        "start": Object {
                                          "line": 35,
                                        },
                                      },
                                      "type": "text",
                                      "value": "server/update",
                                    },
                                  ],
                                  "position": Object {
                                    "start": Object {
                                      "line": 35,
                                    },
                                  },
                                  "type": "paragraph",
                                },
                              ],
                              "position": Object {
                                "start": Object {
                                  "line": 31,
                                },
                              },
                              "type": "listItem",
                            },
                            Object {
                              "children": Array [
                                Object {
                                  "children": Array [
                                    Object {
                                      "position": Object {
                                        "start": Object {
                                          "line": 36,
                                        },
                                      },
                                      "type": "text",
                                      "value": "server/delete",
                                    },
                                  ],
                                  "position": Object {
                                    "start": Object {
                                      "line": 36,
                                    },
                                  },
                                  "type": "paragraph",
                                },
                              ],
                              "position": Object {
                                "start": Object {
                                  "line": 31,
                                },
                              },
                              "type": "listItem",
                            },
                          ],
                          "ordered": false,
                          "position": Object {
                            "start": Object {
                              "line": 31,
                            },
                          },
                          "type": "list",
                        },
                      ],
                      "name": "multi-card",
                      "position": Object {
                        "start": Object {
                          "line": 29,
                        },
                      },
                      "type": "directive",
                    },
                  ],
                  "name": "guide-index",
                  "position": Object {
                    "start": Object {
                      "line": 8,
                    },
                  },
                  "type": "directive",
                },
              ],
              "position": Object {
                "start": Object {
                  "line": 4,
                },
              },
              "type": "section",
            },
          ],
          "position": Object {
            "start": Object {
              "line": 0,
            },
          },
          "type": "root",
        },
        "prefix": Array [
          "guides",
          "andrew",
          "master",
        ],
        "source": ".. _guides:

======
Guides
======

.. default-domain:: mongodb

.. guide-index::

   .. card:: server/introduction

   .. card:: server/install

   .. multi-card:: MongoDB in the Cloud

      * cloud/atlas
      * cloud/connectionstring

   .. multi-card:: Migrate to MongoDB Atlas

      * cloud/migrate-from-aws-to-atlas
      * cloud/migrate-from-compose
      * cloud/migrate-from-mlab

   .. card:: server/import

   .. card:: server/drivers

   .. multi-card:: CRUD Guides: Create, Read, Update, and Delete Data

      * server/insert
      * server/read
      * server/read_queries
      * server/read_operators
      * server/update
      * server/delete
",
        "static_assets": Array [],
      },
    }
  }
/>
`;
