// Jest Snapshot v1, https://goo.gl/fbAQLP

exports[`renders correctly 1`] = `
<HeroBanner
  background="test-url"
  breadcrumb={
    Array [
      Object {
        "label": "Home",
        "target": "/",
      },
    ]
  }
>
  <Title
    collapse={true}
  >
    Test Title
  </Title>
  <PostMetaLine>
    <DateTextContainer>
      <DateText
        collapse={true}
      >
        Published: 
        21 Apr 2021
      </DateText>
    </DateTextContainer>
    <BlogTagList />
  </PostMetaLine>
  <BylineBlock />
</HeroBanner>
`;
