// Jest Snapshot v1, https://goo.gl/fbAQLP

exports[`StarRating renders correctly 1`] = `
<StyledContainer>
  <StyledTitle>
    Rate this article
  </StyledTitle>
  <StyledStarsContainer
    onMouseLeave={[Function]}
  >
    <StyledButton
      isActive={false}
      onClick={[Function]}
      onMouseEnter={[Function]}
    >
      <Memo(StarIcon)
        isActive={false}
        name="first-star"
        size={false}
      >
        <stop
          offset="0%"
          stopColor="#D34F94"
        />
        <stop
          offset="100%"
          stopColor="#D95B8F"
        />
      </Memo(StarIcon)>
    </StyledButton>
    <StyledButton
      isActive={false}
      onClick={[Function]}
      onMouseEnter={[Function]}
    >
      <Memo(StarIcon)
        isActive={false}
        name="second-star"
        size={false}
      >
        <stop
          offset="0%"
          stopColor="#D95B8F"
        />
        <stop
          offset="100%"
          stopColor="#E06D88"
        />
      </Memo(StarIcon)>
    </StyledButton>
    <StyledButton
      isActive={false}
      onClick={[Function]}
      onMouseEnter={[Function]}
    >
      <Memo(StarIcon)
        isActive={false}
        name="third-star"
        size={false}
      >
        <stop
          offset="0%"
          stopColor="#E06D88"
        />
        <stop
          offset="100%"
          stopColor="#E47983"
        />
      </Memo(StarIcon)>
    </StyledButton>
    <StyledButton
      isActive={false}
      onClick={[Function]}
      onMouseEnter={[Function]}
    >
      <Memo(StarIcon)
        isActive={false}
        name="fourth-star"
        size={false}
      >
        <stop
          offset="0%"
          stopColor="#E47983"
        />
        <stop
          offset="100%"
          stopColor="#F09677"
        />
      </Memo(StarIcon)>
    </StyledButton>
    <StyledButton
      isActive={false}
      onClick={[Function]}
      onMouseEnter={[Function]}
    >
      <Memo(StarIcon)
        isActive={false}
        name="fifth-star"
        size={false}
      >
        <stop
          offset="0%"
          stopColor="#F09677"
        />
        <stop
          offset="100%"
          stopColor="#F7A76F"
        />
      </Memo(StarIcon)>
    </StyledButton>
  </StyledStarsContainer>
</StyledContainer>
`;
