// Jest Snapshot v1, https://goo.gl/fbAQLP

exports[`StarRating renders correctly 1`] = `
<StyledContainer>
  <StyledTitle>
    Rate this article
  </StyledTitle>
  <StyledStarsContainer
    onMouseLeave={[Function]}
  >
    <StyledStar
      isActive={false}
      isClicked={false}
      name="first-star"
      onClick={[Function]}
      onMouseEnter={[Function]}
      width={false}
    >
      <stop
        offset="0%"
        stopColor="#D34F94"
      />
      <stop
        offset="100%"
        stopColor="#D95B8F"
      />
    </StyledStar>
    <StyledStar
      isActive={false}
      isClicked={false}
      name="second-star"
      onClick={[Function]}
      onMouseEnter={[Function]}
      width={false}
    >
      <stop
        offset="0%"
        stopColor="#D95B8F"
      />
      <stop
        offset="100%"
        stopColor="#E06D88"
      />
    </StyledStar>
    <StyledStar
      isActive={false}
      isClicked={false}
      name="third-star"
      onClick={[Function]}
      onMouseEnter={[Function]}
      width={false}
    >
      <stop
        offset="0%"
        stopColor="#E06D88"
      />
      <stop
        offset="100%"
        stopColor="#E47983"
      />
    </StyledStar>
    <StyledStar
      isActive={false}
      isClicked={false}
      name="fourth-star"
      onClick={[Function]}
      onMouseEnter={[Function]}
      width={false}
    >
      <stop
        offset="0%"
        stopColor="#E47983"
      />
      <stop
        offset="100%"
        stopColor="#F09677"
      />
    </StyledStar>
    <StyledStar
      isActive={false}
      isClicked={false}
      name="fifth-star"
      onClick={[Function]}
      onMouseEnter={[Function]}
      width={false}
    >
      <stop
        offset="0%"
        stopColor="#F09677"
      />
      <stop
        offset="100%"
        stopColor="#F7A76F"
      />
    </StyledStar>
  </StyledStarsContainer>
</StyledContainer>
`;
